{
  "version": "1.5.0",
  "plugins_used": [
    {
      "name": "ArtifactoryDetector"
    },
    {
      "name": "AWSKeyDetector"
    },
    {
      "name": "AzureStorageKeyDetector"
    },
    {
      "name": "Base64HighEntropyString",
      "limit": 4.5
    },
    {
      "name": "BasicAuthDetector"
    },
    {
      "name": "CloudantDetector"
    },
    {
      "name": "DiscordBotTokenDetector"
    },
    {
      "name": "GitHubTokenDetector"
    },
    {
      "name": "GitLabTokenDetector"
    },
    {
      "name": "HexHighEntropyString",
      "limit": 3.0
    },
    {
      "name": "IbmCloudIamDetector"
    },
    {
      "name": "IbmCosHmacDetector"
    },
    {
      "name": "IPPublicDetector"
    },
    {
      "name": "JwtTokenDetector"
    },
    {
      "name": "KeywordDetector",
      "keyword_exclude": ""
    },
    {
      "name": "MailchimpDetector"
    },
    {
      "name": "NpmDetector"
    },
    {
      "name": "OpenAIDetector"
    },
    {
      "name": "PrivateKeyDetector"
    },
    {
      "name": "PypiTokenDetector"
    },
    {
      "name": "SendGridDetector"
    },
    {
      "name": "SlackDetector"
    },
    {
      "name": "SoftlayerDetector"
    },
    {
      "name": "SquareOAuthDetector"
    },
    {
      "name": "StripeDetector"
    },
    {
      "name": "TelegramBotTokenDetector"
    },
    {
      "name": "TwilioKeyDetector"
    }
  ],
  "filters_used": [
    {
      "path": "detect_secrets.filters.allowlist.is_line_allowlisted"
    },
    {
      "path": "detect_secrets.filters.common.is_baseline_file",
      "filename": ".secrets.baseline"
    },
    {
      "path": "detect_secrets.filters.common.is_ignored_due_to_verification_policies",
      "min_level": 2
    },
    {
      "path": "detect_secrets.filters.heuristic.is_indirect_reference"
    },
    {
      "path": "detect_secrets.filters.heuristic.is_likely_id_string"
    },
    {
      "path": "detect_secrets.filters.heuristic.is_lock_file"
    },
    {
      "path": "detect_secrets.filters.heuristic.is_not_alphanumeric_string"
    },
    {
      "path": "detect_secrets.filters.heuristic.is_potential_uuid"
    },
    {
      "path": "detect_secrets.filters.heuristic.is_prefixed_with_dollar_sign"
    },
    {
      "path": "detect_secrets.filters.heuristic.is_sequential_string"
    },
    {
      "path": "detect_secrets.filters.heuristic.is_swagger_file"
    },
    {
      "path": "detect_secrets.filters.heuristic.is_templated_secret"
    },
    {
      "path": "detect_secrets.filters.regex.should_exclude_file",
      "pattern": [
        "\\.claude/worktrees/.*|\\.git/.*|.*\\.ipynb|.*/__pycache__/.*"
      ]
    }
  ],
  "results": {
    ".claude/skills/composio-connect/SKILL.md": [
      {
        "type": "Secret Keyword",
        "filename": ".claude/skills/composio-connect/SKILL.md",
        "hashed_secret": "6d9c68c603e465077bdd49c62347fe54717f83a3",
        "is_verified": false,
        "line_number": 50
      }
    ],
    ".claude/skills/composio-langsmith-fetch/SKILL.md": [
      {
        "type": "Secret Keyword",
        "filename": ".claude/skills/composio-langsmith-fetch/SKILL.md",
        "hashed_secret": "66b3cc82f386c08b314531c702937717f199f6ba",
        "is_verified": false,
        "line_number": 29
      },
      {
        "type": "Secret Keyword",
        "filename": ".claude/skills/composio-langsmith-fetch/SKILL.md",
        "hashed_secret": "9ad19750930e5cf133e024641c00daf5fc90c700",
        "is_verified": false,
        "line_number": 393
      }
    ],
    ".claude/skills/design/SKILL.md": [
      {
        "type": "Secret Keyword",
        "filename": ".claude/skills/design/SKILL.md",
        "hashed_secret": "6d9c68c603e465077bdd49c62347fe54717f83a3",
        "is_verified": false,
        "line_number": 295
      }
    ],
    "docs/reference/CONFIG.md": [
      {
        "type": "Secret Keyword",
        "filename": "docs/reference/CONFIG.md",
        "hashed_secret": "bcf22dfc6fb76b7366b1f1675baf2332a0e6a7ce",
        "is_verified": false,
        "line_number": 23
      }
    ],
    "docs/superpowers/plans/2026-06-15-user-management.md": [
      {
        "type": "Secret Keyword",
        "filename": "docs/superpowers/plans/2026-06-15-user-management.md",
        "hashed_secret": "9cb3f4ed936610b9202f565d0c6c1fb7dea35952",
        "is_verified": false,
        "line_number": 376
      },
      {
        "type": "Secret Keyword",
        "filename": "docs/superpowers/plans/2026-06-15-user-management.md",
        "hashed_secret": "6f81035aabdfe025c4c33c99988aa733364b50d3",
        "is_verified": false,
        "line_number": 402
      },
      {
        "type": "Secret Keyword",
        "filename": "docs/superpowers/plans/2026-06-15-user-management.md",
        "hashed_secret": "1a91d62f7ca67399625a4368a6ab5d4a3baa6073",
        "is_verified": false,
        "line_number": 937
      },
      {
        "type": "Secret Keyword",
        "filename": "docs/superpowers/plans/2026-06-15-user-management.md",
        "hashed_secret": "32cd8441cda59b0eeb1eb14f9e79ff4c2bb94d0b",
        "is_verified": false,
        "line_number": 1058
      },
      {
        "type": "Secret Keyword",
        "filename": "docs/superpowers/plans/2026-06-15-user-management.md",
        "hashed_secret": "8dc763f54852f1a207f41851c71b8d5c785ccec9",
        "is_verified": false,
        "line_number": 1372
      }
    ],
    "tests/test_central_egress_invariant.py": [
      {
        "type": "Secret Keyword",
        "filename": "tests/test_central_egress_invariant.py",
        "hashed_secret": "5bac203d46b2171c68e8141d7f18b834dc86d280",
        "is_verified": false,
        "line_number": 39
      }
    ],
    "tests/test_central_persephone.py": [
      {
        "type": "Secret Keyword",
        "filename": "tests/test_central_persephone.py",
        "hashed_secret": "2d363a5a37f951f9df2fd589fde7ee8d12ea050b",
        "is_verified": false,
        "line_number": 96
      }
    ],
    "tests/test_central_self_model.py": [
      {
        "type": "Secret Keyword",
        "filename": "tests/test_central_self_model.py",
        "hashed_secret": "e2800217b7da68e6e3d259b0045016a6f7f22d95",
        "is_verified": false,
        "line_number": 21
      }
    ],
    "tests/test_central_seraph.py": [
      {
        "type": "Secret Keyword",
        "filename": "tests/test_central_seraph.py",
        "hashed_secret": "32d6397ad05eb6baf81d1a9226df796b8ca374ac",
        "is_verified": false,
        "line_number": 124
      }
    ],
    "tests/test_cheap_provider_runtime.py": [
      {
        "type": "Secret Keyword",
        "filename": "tests/test_cheap_provider_runtime.py",
        "hashed_secret": "1e6ad7133ddfc309389cc3ca80e7a53ac1e0f509",
        "is_verified": false,
        "line_number": 28
      },
      {
        "type": "Secret Keyword",
        "filename": "tests/test_cheap_provider_runtime.py",
        "hashed_secret": "5b4862432ec398a2333ad8993ab825d36d29e262",
        "is_verified": false,
        "line_number": 63
      },
      {
        "type": "Secret Keyword",
        "filename": "tests/test_cheap_provider_runtime.py",
        "hashed_secret": "7f91b4e1b7fd0e7717241d606855d820e7f00ea2",
        "is_verified": false,
        "line_number": 68
      },
      {
        "type": "Secret Keyword",
        "filename": "tests/test_cheap_provider_runtime.py",
        "hashed_secret": "b24d2099c46cc3da9fdd86cafc3fff195fd3f4e1",
        "is_verified": false,
        "line_number": 122
      },
      {
        "type": "Secret Keyword",
        "filename": "tests/test_cheap_provider_runtime.py",
        "hashed_secret": "32adb161c696d92d11c39d27eb62d80f9bc8fd43",
        "is_verified": false,
        "line_number": 259
      },
      {
        "type": "Secret Keyword",
        "filename": "tests/test_cheap_provider_runtime.py",
        "hashed_secret": "1edff9936882423e302b59babcdcae27f954a023",
        "is_verified": false,
        "line_number": 336
      }
    ],
    "tests/test_mission_control_operations_route.py": [
      {
        "type": "Hex High Entropy String",
        "filename": "tests/test_mission_control_operations_route.py",
        "hashed_secret": "5dfabaa2b3e1cd5068f1f4a976258e0ef56a9a22",
        "is_verified": false,
        "line_number": 87
      }
    ],
    "tests/test_runtime_settings_roundtrip.py": [
      {
        "type": "Secret Keyword",
        "filename": "tests/test_runtime_settings_roundtrip.py",
        "hashed_secret": "8086f369071afb093bafaa6b892c515f50488271",
        "is_verified": false,
        "line_number": 20
      }
    ],
    "tests/test_user_db.py": [
      {
        "type": "Secret Keyword",
        "filename": "tests/test_user_db.py",
        "hashed_secret": "9cb3f4ed936610b9202f565d0c6c1fb7dea35952",
        "is_verified": false,
        "line_number": 75
      },
      {
        "type": "Secret Keyword",
        "filename": "tests/test_user_db.py",
        "hashed_secret": "6f81035aabdfe025c4c33c99988aa733364b50d3",
        "is_verified": false,
        "line_number": 101
      },
      {
        "type": "Secret Keyword",
        "filename": "tests/test_user_db.py",
        "hashed_secret": "1a91d62f7ca67399625a4368a6ab5d4a3baa6073",
        "is_verified": false,
        "line_number": 153
      },
      {
        "type": "Secret Keyword",
        "filename": "tests/test_user_db.py",
        "hashed_secret": "a34abe997f8469d5eb524d622ec34f444afc0b61",
        "is_verified": false,
        "line_number": 213
      }
    ],
    "tests/test_user_management_routes.py": [
      {
        "type": "Secret Keyword",
        "filename": "tests/test_user_management_routes.py",
        "hashed_secret": "8dc763f54852f1a207f41851c71b8d5c785ccec9",
        "is_verified": false,
        "line_number": 14
      },
      {
        "type": "Secret Keyword",
        "filename": "tests/test_user_management_routes.py",
        "hashed_secret": "6f81035aabdfe025c4c33c99988aa733364b50d3",
        "is_verified": false,
        "line_number": 87
      },
      {
        "type": "Secret Keyword",
        "filename": "tests/test_user_management_routes.py",
        "hashed_secret": "32cd8441cda59b0eeb1eb14f9e79ff4c2bb94d0b",
        "is_verified": false,
        "line_number": 98
      }
    ],
    "tests/test_user_scope_154.py": [
      {
        "type": "Secret Keyword",
        "filename": "tests/test_user_scope_154.py",
        "hashed_secret": "a34abe997f8469d5eb524d622ec34f444afc0b61",
        "is_verified": false,
        "line_number": 68
      }
    ],
    "tests/test_workspace_cutover.py": [
      {
        "type": "Secret Keyword",
        "filename": "tests/test_workspace_cutover.py",
        "hashed_secret": "a34abe997f8469d5eb524d622ec34f444afc0b61",
        "is_verified": false,
        "line_number": 11
      }
    ],
    "workspace/default/runtime/HEARTBEAT_STATE.json": [
      {
        "type": "Hex High Entropy String",
        "filename": "workspace/default/runtime/HEARTBEAT_STATE.json",
        "hashed_secret": "49c76acd7cf7146044d355a59b059950098a12f3",
        "is_verified": false,
        "line_number": 254
      },
      {
        "type": "Hex High Entropy String",
        "filename": "workspace/default/runtime/HEARTBEAT_STATE.json",
        "hashed_secret": "001a796d5139b52158d52c51b62dfae096a28963",
        "is_verified": false,
        "line_number": 262
      },
      {
        "type": "Hex High Entropy String",
        "filename": "workspace/default/runtime/HEARTBEAT_STATE.json",
        "hashed_secret": "8828f04103060b02853004d07743c261f1cbf2bf",
        "is_verified": false,
        "line_number": 279
      },
      {
        "type": "Hex High Entropy String",
        "filename": "workspace/default/runtime/HEARTBEAT_STATE.json",
        "hashed_secret": "957da5f6d232cde36e9dc874274afd12e05efab0",
        "is_verified": false,
        "line_number": 287
      },
      {
        "type": "Hex High Entropy String",
        "filename": "workspace/default/runtime/HEARTBEAT_STATE.json",
        "hashed_secret": "1725904fe5873bacdfa8e54546438b68dc19063a",
        "is_verified": false,
        "line_number": 295
      },
      {
        "type": "Hex High Entropy String",
        "filename": "workspace/default/runtime/HEARTBEAT_STATE.json",
        "hashed_secret": "f0bf8029d9002707c1058a4b4fca57b3666a3177",
        "is_verified": false,
        "line_number": 303
      },
      {
        "type": "Hex High Entropy String",
        "filename": "workspace/default/runtime/HEARTBEAT_STATE.json",
        "hashed_secret": "424b543f0440cc4496a4d093ca4d0300619d66d0",
        "is_verified": false,
        "line_number": 311
      },
      {
        "type": "Hex High Entropy String",
        "filename": "workspace/default/runtime/HEARTBEAT_STATE.json",
        "hashed_secret": "5ddc82f1ccefe5b83c01734ad967c28d5f97053f",
        "is_verified": false,
        "line_number": 319
      },
      {
        "type": "Hex High Entropy String",
        "filename": "workspace/default/runtime/HEARTBEAT_STATE.json",
        "hashed_secret": "a6383b13188961a5614f15d4c25873dc4b3bebe8",
        "is_verified": false,
        "line_number": 327
      },
      {
        "type": "Hex High Entropy String",
        "filename": "workspace/default/runtime/HEARTBEAT_STATE.json",
        "hashed_secret": "1b84eb9d9caae0caba68cc0f2b97f7f75379ec36",
        "is_verified": false,
        "line_number": 335
      },
      {
        "type": "Hex High Entropy String",
        "filename": "workspace/default/runtime/HEARTBEAT_STATE.json",
        "hashed_secret": "e1d6d3580049699a6b836e683a47d0c38781417e",
        "is_verified": false,
        "line_number": 351
      },
      {
        "type": "Hex High Entropy String",
        "filename": "workspace/default/runtime/HEARTBEAT_STATE.json",
        "hashed_secret": "02a360351cc745ff37c0ece1c149b5d9f06198b9",
        "is_verified": false,
        "line_number": 367
      },
      {
        "type": "Hex High Entropy String",
        "filename": "workspace/default/runtime/HEARTBEAT_STATE.json",
        "hashed_secret": "c8a4aec1498264a073fdd0d26e4bbb424e503617",
        "is_verified": false,
        "line_number": 375
      },
      {
        "type": "Hex High Entropy String",
        "filename": "workspace/default/runtime/HEARTBEAT_STATE.json",
        "hashed_secret": "a5aacf31c265ea6c763574fbc02bd328b2b22006",
        "is_verified": false,
        "line_number": 383
      }
    ]
  },
  "generated_at": "2026-07-16T18:36:21Z"
}
