{
  "version": "1.5.0",
  "plugins_used": [
    {
      "name": "ArtifactoryDetector"
    },
    {
      "name": "AWSKeyDetector"
    },
    {
      "name": "AzureStorageKeyDetector"
    },
    {
      "name": "Base64HighEntropyString",
      "limit": 4.5
    },
    {
      "name": "BasicAuthDetector"
    },
    {
      "name": "CloudantDetector"
    },
    {
      "name": "DiscordBotTokenDetector"
    },
    {
      "name": "GitHubTokenDetector"
    },
    {
      "name": "GitLabTokenDetector"
    },
    {
      "name": "HexHighEntropyString",
      "limit": 3.0
    },
    {
      "name": "IbmCloudIamDetector"
    },
    {
      "name": "IbmCosHmacDetector"
    },
    {
      "name": "IPPublicDetector"
    },
    {
      "name": "JwtTokenDetector"
    },
    {
      "name": "KeywordDetector",
      "keyword_exclude": ""
    },
    {
      "name": "MailchimpDetector"
    },
    {
      "name": "NpmDetector"
    },
    {
      "name": "OpenAIDetector"
    },
    {
      "name": "PrivateKeyDetector"
    },
    {
      "name": "PypiTokenDetector"
    },
    {
      "name": "SendGridDetector"
    },
    {
      "name": "SlackDetector"
    },
    {
      "name": "SoftlayerDetector"
    },
    {
      "name": "SquareOAuthDetector"
    },
    {
      "name": "StripeDetector"
    },
    {
      "name": "TelegramBotTokenDetector"
    },
    {
      "name": "TwilioKeyDetector"
    }
  ],
  "filters_used": [
    {
      "path": "detect_secrets.filters.allowlist.is_line_allowlisted"
    },
    {
      "path": "detect_secrets.filters.common.is_baseline_file",
      "filename": ".secrets.baseline"
    },
    {
      "path": "detect_secrets.filters.common.is_ignored_due_to_verification_policies",
      "min_level": 2
    },
    {
      "path": "detect_secrets.filters.heuristic.is_indirect_reference"
    },
    {
      "path": "detect_secrets.filters.heuristic.is_likely_id_string"
    },
    {
      "path": "detect_secrets.filters.heuristic.is_lock_file"
    },
    {
      "path": "detect_secrets.filters.heuristic.is_not_alphanumeric_string"
    },
    {
      "path": "detect_secrets.filters.heuristic.is_potential_uuid"
    },
    {
      "path": "detect_secrets.filters.heuristic.is_prefixed_with_dollar_sign"
    },
    {
      "path": "detect_secrets.filters.heuristic.is_sequential_string"
    },
    {
      "path": "detect_secrets.filters.heuristic.is_swagger_file"
    },
    {
      "path": "detect_secrets.filters.heuristic.is_templated_secret"
    },
    {
      "path": "detect_secrets.filters.regex.should_exclude_file",
      "pattern": [
        "\\.claude/worktrees/.*|\\.git/.*|.*\\.ipynb|.*/__pycache__/.*"
      ]
    }
  ],
  "results": {
    ".claude/skills/composio-connect/SKILL.md": [
      {
        "type": "Secret Keyword",
        "filename": ".claude/skills/composio-connect/SKILL.md",
        "hashed_secret": "6d9c68c603e465077bdd49c62347fe54717f83a3",
        "is_verified": false,
        "line_number": 50,
        "is_secret": false
      }
    ],
    ".claude/skills/composio-langsmith-fetch/SKILL.md": [
      {
        "type": "Secret Keyword",
        "filename": ".claude/skills/composio-langsmith-fetch/SKILL.md",
        "hashed_secret": "66b3cc82f386c08b314531c702937717f199f6ba",
        "is_verified": false,
        "line_number": 29,
        "is_secret": false
      },
      {
        "type": "Secret Keyword",
        "filename": ".claude/skills/composio-langsmith-fetch/SKILL.md",
        "hashed_secret": "9ad19750930e5cf133e024641c00daf5fc90c700",
        "is_verified": false,
        "line_number": 393,
        "is_secret": false
      }
    ],
    ".claude/skills/design/SKILL.md": [
      {
        "type": "Secret Keyword",
        "filename": ".claude/skills/design/SKILL.md",
        "hashed_secret": "6d9c68c603e465077bdd49c62347fe54717f83a3",
        "is_verified": false,
        "line_number": 295,
        "is_secret": false
      }
    ],
    "docs/superpowers/plans/2026-04-10-discord-gateway.md": [
      {
        "type": "Discord Bot Token",
        "filename": "docs/superpowers/plans/2026-04-10-discord-gateway.md",
        "hashed_secret": "c8ac2dcf487438887073b55848c7e33ce6bd3c1e",
        "is_verified": false,
        "line_number": 974,
        "is_secret": true
      }
    ],
    "tests/test_cheap_provider_runtime.py": [
      {
        "type": "Secret Keyword",
        "filename": "tests/test_cheap_provider_runtime.py",
        "hashed_secret": "1e6ad7133ddfc309389cc3ca80e7a53ac1e0f509",
        "is_verified": false,
        "line_number": 28,
        "is_secret": false
      },
      {
        "type": "Secret Keyword",
        "filename": "tests/test_cheap_provider_runtime.py",
        "hashed_secret": "5b4862432ec398a2333ad8993ab825d36d29e262",
        "is_verified": false,
        "line_number": 63,
        "is_secret": false
      },
      {
        "type": "Secret Keyword",
        "filename": "tests/test_cheap_provider_runtime.py",
        "hashed_secret": "7f91b4e1b7fd0e7717241d606855d820e7f00ea2",
        "is_verified": false,
        "line_number": 68,
        "is_secret": false
      },
      {
        "type": "Secret Keyword",
        "filename": "tests/test_cheap_provider_runtime.py",
        "hashed_secret": "b24d2099c46cc3da9fdd86cafc3fff195fd3f4e1",
        "is_verified": false,
        "line_number": 122,
        "is_secret": false
      },
      {
        "type": "Secret Keyword",
        "filename": "tests/test_cheap_provider_runtime.py",
        "hashed_secret": "32adb161c696d92d11c39d27eb62d80f9bc8fd43",
        "is_verified": false,
        "line_number": 256,
        "is_secret": false
      },
      {
        "type": "Secret Keyword",
        "filename": "tests/test_cheap_provider_runtime.py",
        "hashed_secret": "1edff9936882423e302b59babcdcae27f954a023",
        "is_verified": false,
        "line_number": 319,
        "is_secret": false
      }
    ],
    "tests/test_mission_control_operations_route.py": [
      {
        "type": "Hex High Entropy String",
        "filename": "tests/test_mission_control_operations_route.py",
        "hashed_secret": "5dfabaa2b3e1cd5068f1f4a976258e0ef56a9a22",
        "is_verified": false,
        "line_number": 39,
        "is_secret": false
      }
    ],
    "tests/test_runtime_settings_roundtrip.py": [
      {
        "type": "Secret Keyword",
        "filename": "tests/test_runtime_settings_roundtrip.py",
        "hashed_secret": "8086f369071afb093bafaa6b892c515f50488271",
        "is_verified": false,
        "line_number": 20,
        "is_secret": false
      }
    ],
    "workspace/default/runtime/HEARTBEAT_STATE.json": [
      {
        "type": "Hex High Entropy String",
        "filename": "workspace/default/runtime/HEARTBEAT_STATE.json",
        "hashed_secret": "49c76acd7cf7146044d355a59b059950098a12f3",
        "is_verified": false,
        "line_number": 254,
        "is_secret": false
      },
      {
        "type": "Hex High Entropy String",
        "filename": "workspace/default/runtime/HEARTBEAT_STATE.json",
        "hashed_secret": "001a796d5139b52158d52c51b62dfae096a28963",
        "is_verified": false,
        "line_number": 262,
        "is_secret": false
      },
      {
        "type": "Hex High Entropy String",
        "filename": "workspace/default/runtime/HEARTBEAT_STATE.json",
        "hashed_secret": "8828f04103060b02853004d07743c261f1cbf2bf",
        "is_verified": false,
        "line_number": 279,
        "is_secret": false
      },
      {
        "type": "Hex High Entropy String",
        "filename": "workspace/default/runtime/HEARTBEAT_STATE.json",
        "hashed_secret": "957da5f6d232cde36e9dc874274afd12e05efab0",
        "is_verified": false,
        "line_number": 287,
        "is_secret": false
      },
      {
        "type": "Hex High Entropy String",
        "filename": "workspace/default/runtime/HEARTBEAT_STATE.json",
        "hashed_secret": "1725904fe5873bacdfa8e54546438b68dc19063a",
        "is_verified": false,
        "line_number": 295,
        "is_secret": false
      },
      {
        "type": "Hex High Entropy String",
        "filename": "workspace/default/runtime/HEARTBEAT_STATE.json",
        "hashed_secret": "f0bf8029d9002707c1058a4b4fca57b3666a3177",
        "is_verified": false,
        "line_number": 303,
        "is_secret": false
      },
      {
        "type": "Hex High Entropy String",
        "filename": "workspace/default/runtime/HEARTBEAT_STATE.json",
        "hashed_secret": "424b543f0440cc4496a4d093ca4d0300619d66d0",
        "is_verified": false,
        "line_number": 311,
        "is_secret": false
      },
      {
        "type": "Hex High Entropy String",
        "filename": "workspace/default/runtime/HEARTBEAT_STATE.json",
        "hashed_secret": "5ddc82f1ccefe5b83c01734ad967c28d5f97053f",
        "is_verified": false,
        "line_number": 319,
        "is_secret": false
      },
      {
        "type": "Hex High Entropy String",
        "filename": "workspace/default/runtime/HEARTBEAT_STATE.json",
        "hashed_secret": "a6383b13188961a5614f15d4c25873dc4b3bebe8",
        "is_verified": false,
        "line_number": 327,
        "is_secret": false
      },
      {
        "type": "Hex High Entropy String",
        "filename": "workspace/default/runtime/HEARTBEAT_STATE.json",
        "hashed_secret": "1b84eb9d9caae0caba68cc0f2b97f7f75379ec36",
        "is_verified": false,
        "line_number": 335,
        "is_secret": false
      },
      {
        "type": "Hex High Entropy String",
        "filename": "workspace/default/runtime/HEARTBEAT_STATE.json",
        "hashed_secret": "e1d6d3580049699a6b836e683a47d0c38781417e",
        "is_verified": false,
        "line_number": 351,
        "is_secret": false
      },
      {
        "type": "Hex High Entropy String",
        "filename": "workspace/default/runtime/HEARTBEAT_STATE.json",
        "hashed_secret": "02a360351cc745ff37c0ece1c149b5d9f06198b9",
        "is_verified": false,
        "line_number": 367,
        "is_secret": false
      },
      {
        "type": "Hex High Entropy String",
        "filename": "workspace/default/runtime/HEARTBEAT_STATE.json",
        "hashed_secret": "c8a4aec1498264a073fdd0d26e4bbb424e503617",
        "is_verified": false,
        "line_number": 375,
        "is_secret": false
      },
      {
        "type": "Hex High Entropy String",
        "filename": "workspace/default/runtime/HEARTBEAT_STATE.json",
        "hashed_secret": "a5aacf31c265ea6c763574fbc02bd328b2b22006",
        "is_verified": false,
        "line_number": 383,
        "is_secret": false
      }
    ]
  },
  "generated_at": "2026-04-17T09:47:28Z"
}
